\BOOKMARK [0][-]{chapter.1}{\376\377\000A\000n\000a\000l\000y\000s\000i\000s}{}% 1
\BOOKMARK [1][-]{section.1.1}{\376\377\000D\000e\000s\000c\000r\000i\000p\000t\000i\000o\000n\000\040\000o\000f\000\040\000t\000h\000e\000\040\000p\000r\000o\000b\000l\000e\000m}{chapter.1}% 2
\BOOKMARK [1][-]{section.1.2}{\376\377\000D\000e\000s\000c\000r\000i\000p\000t\000i\000o\000n\000\040\000o\000f\000\040\000t\000h\000e\000\040\000p\000r\000o\000j\000e\000c\000t}{chapter.1}% 3
\BOOKMARK [2][-]{subsection.1.2.1}{\376\377\000B\000a\000s\000i\000c\000\040\000r\000u\000l\000e\000s}{section.1.2}% 4
\BOOKMARK [2][-]{subsection.1.2.2}{\376\377\000F\000o\000u\000l\000s}{section.1.2}% 5
\BOOKMARK [2][-]{subsection.1.2.3}{\376\377\000M\000a\000i\000n\000\040\000m\000e\000n\000u}{section.1.2}% 6
\BOOKMARK [3][-]{subsubsection.1.2.3.1}{\376\377\000D\000e\000s\000c\000r\000i\000p\000t\000i\000o\000n}{subsection.1.2.3}% 7
\BOOKMARK [3][-]{subsubsection.1.2.3.2}{\376\377\000D\000e\000m\000o}{subsection.1.2.3}% 8
\BOOKMARK [3][-]{subsubsection.1.2.3.3}{\376\377\000P\000r\000a\000c\000t\000i\000c\000e}{subsection.1.2.3}% 9
\BOOKMARK [3][-]{subsubsection.1.2.3.4}{\376\377\000V\000S\000\040\000C\000o\000m\000p\000u\000t\000e\000r}{subsection.1.2.3}% 10
\BOOKMARK [3][-]{subsubsection.1.2.3.5}{\376\377\000G\000a\000m\000e\000\040\000m\000o\000d\000e\000\040\0001\000:\000\040\000T\000e\000a\000m\000s}{subsection.1.2.3}% 11
\BOOKMARK [3][-]{subsubsection.1.2.3.6}{\376\377\000G\000a\000m\000e\000\040\000m\000o\000d\000e\000\040\0002\000:\000\040\000P\000o\000i\000n\000t\000\040\000s\000y\000s\000t\000e\000m}{subsection.1.2.3}% 12
\BOOKMARK [3][-]{subsubsection.1.2.3.7}{\376\377\000S\000u\000m\000m\000a\000r\000y}{subsection.1.2.3}% 13
\BOOKMARK [1][-]{section.1.3}{\376\377\000C\000o\000m\000p\000u\000t\000a\000t\000i\000o\000n\000a\000l\000\040\000M\000e\000t\000h\000o\000d\000s}{chapter.1}% 14
\BOOKMARK [2][-]{subsection.1.3.1}{\376\377\000D\000e\000c\000o\000m\000p\000o\000s\000i\000t\000i\000o\000n}{section.1.3}% 15
\BOOKMARK [3][-]{subsubsection.1.3.1.1}{\376\377\000D\000e\000s\000c\000r\000i\000p\000t\000i\000o\000n}{subsection.1.3.1}% 16
\BOOKMARK [3][-]{subsubsection.1.3.1.2}{\376\377\000J\000u\000s\000t\000i\000f\000i\000c\000a\000t\000i\000o\000n}{subsection.1.3.1}% 17
\BOOKMARK [2][-]{subsection.1.3.2}{\376\377\000A\000b\000s\000t\000r\000a\000c\000t\000i\000o\000n}{section.1.3}% 18
\BOOKMARK [3][-]{subsubsection.1.3.2.1}{\376\377\000D\000e\000s\000c\000r\000i\000p\000t\000i\000o\000n}{subsection.1.3.2}% 19
\BOOKMARK [3][-]{subsubsection.1.3.2.2}{\376\377\000J\000u\000s\000t\000i\000f\000i\000c\000a\000t\000i\000o\000n}{subsection.1.3.2}% 20
\BOOKMARK [2][-]{subsection.1.3.3}{\376\377\000A\000l\000g\000o\000r\000i\000t\000h\000m\000s}{section.1.3}% 21
\BOOKMARK [3][-]{subsubsection.1.3.3.1}{\376\377\000D\000e\000s\000c\000r\000i\000p\000t\000i\000o\000n}{subsection.1.3.3}% 22
\BOOKMARK [3][-]{subsubsection.1.3.3.2}{\376\377\000J\000u\000s\000t\000i\000f\000i\000c\000a\000t\000i\000o\000n}{subsection.1.3.3}% 23
\BOOKMARK [2][-]{subsection.1.3.4}{\376\377\000V\000i\000s\000u\000a\000l\000i\000s\000a\000t\000i\000o\000n}{section.1.3}% 24
\BOOKMARK [3][-]{subsubsection.1.3.4.1}{\376\377\000D\000e\000s\000c\000r\000i\000p\000t\000i\000o\000n}{subsection.1.3.4}% 25
\BOOKMARK [3][-]{subsubsection.1.3.4.2}{\376\377\000J\000u\000s\000t\000i\000f\000i\000c\000a\000t\000i\000o\000n}{subsection.1.3.4}% 26
\BOOKMARK [2][-]{subsection.1.3.5}{\376\377\000P\000r\000o\000b\000l\000e\000m\000\040\000R\000e\000c\000o\000g\000n\000i\000t\000i\000o\000n\000/\000T\000e\000s\000t\000i\000n\000g}{section.1.3}% 27
\BOOKMARK [3][-]{subsubsection.1.3.5.1}{\376\377\000D\000e\000s\000c\000r\000i\000p\000t\000i\000o\000n}{subsection.1.3.5}% 28
\BOOKMARK [3][-]{subsubsection.1.3.5.2}{\376\377\000J\000u\000s\000t\000i\000f\000i\000c\000a\000t\000i\000o\000n}{subsection.1.3.5}% 29
\BOOKMARK [3][-]{subsubsection.1.3.5.3}{\376\377\000T\000r\000a\000d\000i\000t\000i\000o\000n\000a\000l\000\040\000a\000p\000p\000r\000o\000a\000c\000h\000\040\000v\000s\000\040\000d\000i\000g\000i\000t\000a\000l\000\040\000s\000o\000l\000u\000t\000i\000o\000n}{subsection.1.3.5}% 30
\BOOKMARK [2][-]{subsection.1.3.6}{\376\377\000P\000e\000r\000f\000o\000r\000m\000a\000n\000c\000e\000\040\000M\000o\000d\000e\000l\000l\000i\000n\000g}{section.1.3}% 31
\BOOKMARK [3][-]{subsubsection.1.3.6.1}{\376\377\000D\000e\000s\000c\000r\000i\000p\000t\000i\000o\000n}{subsection.1.3.6}% 32
\BOOKMARK [3][-]{subsubsection.1.3.6.2}{\376\377\000J\000u\000s\000t\000i\000f\000i\000c\000a\000t\000i\000o\000n}{subsection.1.3.6}% 33
\BOOKMARK [2][-]{subsection.1.3.7}{\376\377\000P\000a\000t\000t\000e\000r\000n\000\040\000R\000e\000c\000o\000g\000n\000i\000t\000i\000o\000n}{section.1.3}% 34
\BOOKMARK [3][-]{subsubsection.1.3.7.1}{\376\377\000D\000e\000s\000c\000r\000i\000p\000t\000i\000o\000n}{subsection.1.3.7}% 35
\BOOKMARK [3][-]{subsubsection.1.3.7.2}{\376\377\000J\000u\000s\000t\000i\000f\000i\000c\000a\000t\000i\000o\000n}{subsection.1.3.7}% 36
\BOOKMARK [2][-]{subsection.1.3.8}{\376\377\000D\000i\000g\000i\000t\000a\000l\000\040\000D\000a\000t\000a\000\040\000S\000t\000o\000r\000a\000g\000e}{section.1.3}% 37
\BOOKMARK [3][-]{subsubsection.1.3.8.1}{\376\377\000D\000e\000s\000c\000r\000i\000p\000t\000i\000o\000n}{subsection.1.3.8}% 38
\BOOKMARK [3][-]{subsubsection.1.3.8.2}{\376\377\000J\000u\000s\000t\000i\000f\000i\000c\000a\000t\000i\000o\000n}{subsection.1.3.8}% 39
\BOOKMARK [1][-]{section.1.4}{\376\377\000S\000t\000a\000k\000e\000h\000o\000l\000d\000e\000r\000s}{chapter.1}% 40
\BOOKMARK [2][-]{subsection.1.4.1}{\376\377\000D\000e\000s\000c\000r\000i\000p\000t\000i\000o\000n}{section.1.4}% 41
\BOOKMARK [2][-]{subsection.1.4.2}{\376\377\000I\000n\000t\000e\000r\000v\000i\000e\000w\000\040\0001\000\040\000-\000\040\000P\000r\000i\000m\000a\000r\000y\000\040\000S\000t\000a\000k\000e\000h\000o\000l\000d\000e\000r\000s}{section.1.4}% 42
\BOOKMARK [3][-]{subsubsection.1.4.2.1}{\376\377\000P\000l\000a\000n\000\040\000o\000f\000\040\000t\000h\000e\000\040\000i\000n\000t\000e\000r\000v\000i\000e\000w}{subsection.1.4.2}% 43
\BOOKMARK [3][-]{subsubsection.1.4.2.2}{\376\377\000I\000n\000t\000e\000r\000v\000i\000e\000w\000\040\000t\000r\000a\000n\000s\000c\000r\000i\000p\000t}{subsection.1.4.2}% 44
\BOOKMARK [3][-]{subsubsection.1.4.2.3}{\376\377\000I\000n\000t\000e\000r\000v\000i\000e\000w\000\040\000S\000u\000m\000m\000a\000r\000y}{subsection.1.4.2}% 45
\BOOKMARK [2][-]{subsection.1.4.3}{\376\377\000I\000n\000t\000e\000r\000v\000i\000e\000w\000\040\0002\000\040\000-\000\040\000S\000e\000c\000o\000n\000d\000a\000r\000y\000\040\000S\000t\000a\000k\000e\000h\000o\000l\000d\000e\000r\000s}{section.1.4}% 46
\BOOKMARK [3][-]{subsubsection.1.4.3.1}{\376\377\000P\000l\000a\000n\000\040\000o\000f\000\040\000t\000h\000e\000\040\000i\000n\000t\000e\000r\000v\000i\000e\000w}{subsection.1.4.3}% 47
\BOOKMARK [3][-]{subsubsection.1.4.3.2}{\376\377\000I\000n\000t\000e\000r\000v\000i\000e\000w\000\040\000t\000r\000a\000n\000s\000c\000r\000i\000p\000t}{subsection.1.4.3}% 48
\BOOKMARK [3][-]{subsubsection.1.4.3.3}{\376\377\000I\000n\000t\000e\000r\000v\000i\000e\000w\000\040\0001\000\040\000s\000u\000m\000m\000a\000r\000y}{subsection.1.4.3}% 49
\BOOKMARK [2][-]{subsection.1.4.4}{\376\377\000S\000u\000r\000v\000e\000y\000\040\0001\000\040\000-\000\040\000P\000r\000i\000m\000a\000r\000y\000\040\000S\000t\000a\000k\000e\000h\000o\000l\000d\000e\000r\000s}{section.1.4}% 50
\BOOKMARK [3][-]{subsubsection.1.4.4.1}{\376\377\000P\000l\000a\000n\000\040\000o\000f\000\040\000S\000u\000r\000v\000e\000y}{subsection.1.4.4}% 51
\BOOKMARK [3][-]{subsubsection.1.4.4.2}{\376\377\000S\000u\000r\000v\000e\000y\000\040\000R\000e\000s\000u\000l\000t\000s}{subsection.1.4.4}% 52
\BOOKMARK [3][-]{subsubsection.1.4.4.3}{\376\377\000S\000u\000r\000v\000e\000y\000\040\000S\000u\000m\000m\000a\000r\000y}{subsection.1.4.4}% 53
\BOOKMARK [2][-]{subsection.1.4.5}{\376\377\000S\000u\000r\000v\000e\000y\000\040\0002\000\040\000-\000\040\000S\000e\000c\000o\000n\000d\000a\000r\000y\000\040\000S\000t\000a\000k\000e\000h\000o\000l\000d\000e\000r\000s}{section.1.4}% 54
\BOOKMARK [3][-]{subsubsection.1.4.5.1}{\376\377\000P\000l\000a\000n\000\040\000o\000f\000\040\000S\000u\000r\000v\000e\000y}{subsection.1.4.5}% 55
\BOOKMARK [3][-]{subsubsection.1.4.5.2}{\376\377\000S\000u\000r\000v\000e\000y\000\040\000R\000e\000s\000u\000l\000t\000s}{subsection.1.4.5}% 56
\BOOKMARK [3][-]{subsubsection.1.4.5.3}{\376\377\000S\000u\000r\000v\000e\000y\000\040\000S\000u\000m\000m\000a\000r\000y}{subsection.1.4.5}% 57
\BOOKMARK [1][-]{section.1.5}{\376\377\000R\000e\000s\000e\000a\000r\000c\000h}{chapter.1}% 58
\BOOKMARK [2][-]{subsection.1.5.1}{\376\377\000E\000x\000i\000s\000t\000i\000n\000g\000\040\000s\000o\000l\000u\000t\000i\000o\000n\000s}{section.1.5}% 59
\BOOKMARK [2][-]{subsection.1.5.2}{\376\377\000C\000a\000r\000r\000o\000m\000\040\000K\000i\000n\000g}{section.1.5}% 60
\BOOKMARK [3][-]{subsubsection.1.5.2.1}{\376\377\000D\000e\000s\000c\000r\000i\000p\000t\000i\000o\000n}{subsection.1.5.2}% 61
\BOOKMARK [3][-]{subsubsection.1.5.2.2}{\376\377\000S\000c\000r\000e\000e\000n\000s\000h\000o\000t\000s}{subsection.1.5.2}% 62
\BOOKMARK [3][-]{subsubsection.1.5.2.3}{\376\377\000R\000e\000v\000i\000e\000w\000s}{subsection.1.5.2}% 63
\BOOKMARK [3][-]{subsubsection.1.5.2.4}{\376\377\000F\000e\000a\000t\000u\000r\000e\000s}{subsection.1.5.2}% 64
\BOOKMARK [3][-]{subsubsection.1.5.2.5}{\376\377\000C\000o\000n\000c\000l\000u\000s\000i\000o\000n}{subsection.1.5.2}% 65
\BOOKMARK [2][-]{subsection.1.5.3}{\376\377\000C\000a\000r\000r\000o\000m\000\040\000F\000r\000i\000e\000n\000d\000s}{section.1.5}% 66
\BOOKMARK [3][-]{subsubsection.1.5.3.1}{\376\377\000D\000e\000s\000c\000r\000i\000p\000t\000i\000o\000n}{subsection.1.5.3}% 67
\BOOKMARK [3][-]{subsubsection.1.5.3.2}{\376\377\000S\000c\000r\000e\000e\000n\000s\000h\000o\000t\000s}{subsection.1.5.3}% 68
\BOOKMARK [3][-]{subsubsection.1.5.3.3}{\376\377\000R\000e\000v\000i\000e\000w\000s}{subsection.1.5.3}% 69
\BOOKMARK [3][-]{subsubsection.1.5.3.4}{\376\377\000F\000e\000a\000t\000u\000r\000e\000s}{subsection.1.5.3}% 70
\BOOKMARK [3][-]{subsubsection.1.5.3.5}{\376\377\000C\000o\000n\000c\000l\000u\000s\000i\000o\000n}{subsection.1.5.3}% 71
\BOOKMARK [2][-]{subsection.1.5.4}{\376\377\0008\000\040\000B\000a\000l\000l\000\040\000P\000o\000o\000l}{section.1.5}% 72
\BOOKMARK [3][-]{subsubsection.1.5.4.1}{\376\377\000D\000e\000s\000c\000r\000i\000p\000t\000i\000o\000n}{subsection.1.5.4}% 73
\BOOKMARK [3][-]{subsubsection.1.5.4.2}{\376\377\000R\000e\000v\000i\000e\000w\000s}{subsection.1.5.4}% 74
\BOOKMARK [3][-]{subsubsection.1.5.4.3}{\376\377\000S\000c\000r\000e\000e\000n\000s\000h\000o\000t\000s}{subsection.1.5.4}% 75
\BOOKMARK [3][-]{subsubsection.1.5.4.4}{\376\377\000F\000e\000a\000t\000u\000r\000e\000s}{subsection.1.5.4}% 76
\BOOKMARK [3][-]{subsubsection.1.5.4.5}{\376\377\000C\000o\000n\000c\000l\000u\000s\000i\000o\000n}{subsection.1.5.4}% 77
\BOOKMARK [2][-]{subsection.1.5.5}{\376\377\000S\000n\000o\000o\000k\000e\000r\000\040\000S\000t\000a\000r\000s}{section.1.5}% 78
\BOOKMARK [3][-]{subsubsection.1.5.5.1}{\376\377\000D\000e\000s\000c\000r\000i\000p\000t\000i\000o\000n}{subsection.1.5.5}% 79
\BOOKMARK [3][-]{subsubsection.1.5.5.2}{\376\377\000R\000e\000v\000i\000e\000w\000s}{subsection.1.5.5}% 80
\BOOKMARK [3][-]{subsubsection.1.5.5.3}{\376\377\000S\000c\000r\000e\000e\000n\000s\000h\000o\000t\000s}{subsection.1.5.5}% 81
\BOOKMARK [3][-]{subsubsection.1.5.5.4}{\376\377\000F\000e\000a\000t\000u\000r\000e\000s}{subsection.1.5.5}% 82
\BOOKMARK [3][-]{subsubsection.1.5.5.5}{\376\377\000C\000o\000n\000c\000l\000u\000s\000i\000o\000n}{subsection.1.5.5}% 83
\BOOKMARK [2][-]{subsection.1.5.6}{\376\377\000R\000e\000a\000l\000\040\000S\000n\000o\000o\000k\000e\000r\000\040\0003\000D}{section.1.5}% 84
\BOOKMARK [3][-]{subsubsection.1.5.6.1}{\376\377\000D\000e\000s\000c\000r\000i\000p\000t\000i\000o\000n}{subsection.1.5.6}% 85
\BOOKMARK [3][-]{subsubsection.1.5.6.2}{\376\377\000R\000e\000v\000i\000e\000w\000s}{subsection.1.5.6}% 86
\BOOKMARK [3][-]{subsubsection.1.5.6.3}{\376\377\000S\000c\000r\000e\000e\000n\000s\000h\000o\000t\000s}{subsection.1.5.6}% 87
\BOOKMARK [3][-]{subsubsection.1.5.6.4}{\376\377\000F\000e\000a\000t\000u\000r\000e\000s}{subsection.1.5.6}% 88
\BOOKMARK [3][-]{subsubsection.1.5.6.5}{\376\377\000C\000o\000n\000c\000l\000u\000s\000i\000o\000n}{subsection.1.5.6}% 89
\BOOKMARK [2][-]{subsection.1.5.7}{\376\377\000O\000v\000e\000r\000a\000l\000l\000\040\000S\000u\000m\000m\000a\000r\000y}{section.1.5}% 90
\BOOKMARK [1][-]{section.1.6}{\376\377\000K\000e\000y\000\040\000f\000e\000a\000t\000u\000r\000e\000s\000\040\000o\000f\000\040\000t\000h\000e\000\040\000p\000r\000o\000p\000o\000s\000e\000d\000\040\000s\000o\000l\000u\000t\000i\000o\000n}{chapter.1}% 91
\BOOKMARK [1][-]{section.1.7}{\376\377\000S\000o\000f\000t\000w\000a\000r\000e\000/\000H\000a\000r\000d\000w\000a\000r\000e\000\040\000r\000e\000q\000u\000i\000r\000e\000m\000e\000n\000t\000s}{chapter.1}% 92
\BOOKMARK [2][-]{subsection.1.7.1}{\376\377\000S\000o\000f\000t\000w\000a\000r\000e\000\040\000r\000e\000q\000u\000i\000r\000e\000m\000e\000n\000t\000s}{section.1.7}% 93
\BOOKMARK [2][-]{subsection.1.7.2}{\376\377\000P\000e\000r\000i\000p\000h\000e\000r\000a\000l\000\040\000r\000e\000q\000u\000i\000r\000e\000m\000e\000n\000t\000s}{section.1.7}% 94
\BOOKMARK [2][-]{subsection.1.7.3}{\376\377\000H\000a\000r\000d\000w\000a\000r\000e\000\040\000r\000e\000q\000u\000i\000r\000e\000m\000e\000n\000t\000s}{section.1.7}% 95
\BOOKMARK [1][-]{section.1.8}{\376\377\000S\000u\000c\000c\000e\000s\000s\000\040\000C\000r\000i\000t\000e\000r\000i\000a}{chapter.1}% 96
\BOOKMARK [2][-]{subsection.1.8.1}{\376\377\000I\000n\000p\000u\000t\000\040\000r\000e\000q\000u\000i\000r\000e\000m\000e\000n\000t\000s}{section.1.8}% 97
\BOOKMARK [2][-]{subsection.1.8.2}{\376\377\000P\000r\000o\000c\000e\000s\000s\000i\000n\000g\000\040\000r\000e\000q\000u\000i\000r\000e\000m\000e\000n\000t\000s}{section.1.8}% 98
\BOOKMARK [2][-]{subsection.1.8.3}{\376\377\000D\000e\000s\000i\000g\000n\000\040\000r\000e\000q\000u\000i\000r\000e\000m\000e\000n\000t\000s}{section.1.8}% 99
\BOOKMARK [1][-]{section.1.9}{\376\377\000L\000i\000m\000i\000t\000a\000t\000i\000o\000n\000s}{chapter.1}% 100
